398.320: [GC pause (G1 Evacuation Pause) (young)
   [Parallel Time: 74.4 ms, GC Workers: 8]
      [GC Worker Start (ms): Min: 398319.8, Avg: 398319.9, Max: 398320.0, Diff: 0.1]
      [Ext Root Scanning (ms): Min: 1.0, Avg: 1.2, Max: 2.9, Diff: 1.9, Sum: 10.0]
      [Update RS (ms): Min: 1.6, Avg: 3.2, Max: 3.9, Diff: 2.3, Sum: 25.7]
         [Processed Buffers: Min: 7, Avg: 11.8, Max: 14, Diff: 7, Sum: 94]
      [Scan RS (ms): Min: 6.0, Avg: 6.5, Max: 6.8, Diff: 0.8, Sum: 51.9]
      [Code Root Scanning (ms): Min: 1.1, Avg: 1.3, Max: 1.6, Diff: 0.5, Sum: 10.4]
      [Object Copy (ms): Min: 61.6, Avg: 61.8, Max: 61.8, Diff: 0.2, Sum: 494.3]
      [Termination (ms): Min: 0.0, Avg: 0.0, Max: 0.0, Diff: 0.0, Sum: 0.0]
      [GC Worker Other (ms): Min: 0.0, Avg: 0.1, Max: 0.1, Diff: 0.1, Sum: 0.7]
      [GC Worker Total (ms): Min: 74.1, Avg: 74.1, Max: 74.2, Diff: 0.1, Sum: 593.0]
      [GC Worker End (ms): Min: 398394.0, Avg: 398394.0, Max: 398394.1, Diff: 0.1]
   [Code Root Fixup: 0.5 ms]
   [Code Root Migration: 2.0 ms]
   [Clear CT: 1.3 ms]
   [Other: 8.8 ms]
      [Choose CSet: 0.0 ms]
      [Ref Proc: 3.3 ms]
      [Ref Enq: 0.0 ms]
      [Free CSet: 5.0 ms]
   [Eden: 9000.0M(9000.0M)->0.0B(8972.0M) Survivors: 216.0M->244.0M Heap: 9418.3M(15.0G)->446.3M(15.0G)]
 [Times: user=0.59 sys=0.04, real=0.09 secs]
416.579: [GC pause (G1 Evacuation Pause) (young)
   [Parallel Time: 82.8 ms, GC Workers: 8]
      [GC Worker Start (ms): Min: 416579.4, Avg: 416579.4, Max: 416579.5, Diff: 0.1]
      [Ext Root Scanning (ms): Min: 1.0, Avg: 1.2, Max: 2.9, Diff: 2.0, Sum: 10.0]
     [Update RS (ms): Min: 1.6, Avg: 3.0, Max: 3.4, Diff: 1.9, Sum: 24.3]
         [Processed Buffers: Min: 7, Avg: 11.6, Max: 17, Diff: 10, Sum: 93]
      [Scan RS (ms): Min: 6.8, Avg: 7.0, Max: 7.2, Diff: 0.4, Sum: 55.7]
      [Code Root Scanning (ms): Min: 1.0, Avg: 1.3, Max: 1.5, Diff: 0.5, Sum: 10.1]
      [Object Copy (ms): Min: 69.7, Avg: 69.9, Max: 70.2, Diff: 0.5, Sum: 559.2]
      [Termination (ms): Min: 0.0, Avg: 0.2, Max: 0.3, Diff: 0.3, Sum: 1.9]
      [GC Worker Other (ms): Min: 0.0, Avg: 0.1, Max: 0.2, Diff: 0.1, Sum: 0.7]
      [GC Worker Total (ms): Min: 82.7, Avg: 82.7, Max: 82.8, Diff: 0.1, Sum: 661.9]
      [GC Worker End (ms): Min: 416662.1, Avg: 416662.2, Max: 416662.2, Diff: 0.1]
   [Code Root Fixup: 0.7 ms]
   [Code Root Migration: 2.4 ms]
   [Clear CT: 1.3 ms]
   [Other: 11.8 ms]
      [Choose CSet: 0.0 ms]
      [Ref Proc: 6.3 ms]
      [Ref Enq: 0.0 ms]
      [Free CSet: 5.0 ms]
   [Eden: 8972.0M(8972.0M)->0.0B(8944.0M) Survivors: 244.0M->272.0M Heap: 9418.3M(15.0G)->474.3M(15.0G)]
 [Times: user=0.65 sys=0.03, real=0.10 secs]
433.905: [GC pause (G1 Evacuation Pause) (young)
   [Parallel Time: 89.5 ms, GC Workers: 8]
      [GC Worker Start (ms): Min: 433904.9, Avg: 433905.0, Max: 433905.0, Diff: 0.1]
      [Ext Root Scanning (ms): Min: 0.8, Avg: 1.2, Max: 3.0, Diff: 2.1, Sum: 9.3]
      [Update RS (ms): Min: 1.6, Avg: 3.3, Max: 3.7, Diff: 2.1, Sum: 26.2]
         [Processed Buffers: Min: 7, Avg: 11.6, Max: 17, Diff: 10, Sum: 93]
      [Scan RS (ms): Min: 6.9, Avg: 7.2, Max: 7.4, Diff: 0.5, Sum: 57.8]
      [Code Root Scanning (ms): Min: 1.0, Avg: 1.4, Max: 1.7, Diff: 0.7, Sum: 11.0]
      [Object Copy (ms): Min: 76.0, Avg: 76.2, Max: 76.3, Diff: 0.3, Sum: 609.7]
      [Termination (ms): Min: 0.0, Avg: 0.0, Max: 0.0, Diff: 0.0, Sum: 0.0]
      [GC Worker Other (ms): Min: 0.0, Avg: 0.1, Max: 0.1, Diff: 0.1, Sum: 0.6]
      [GC Worker Total (ms): Min: 89.3, Avg: 89.3, Max: 89.4, Diff: 0.1, Sum: 714.7]
      [GC Worker End (ms): Min: 433994.3, Avg: 433994.3, Max: 433994.4, Diff: 0.1]
   [Code Root Fixup: 0.7 ms]
   [Code Root Migration: 2.1 ms]
   [Clear CT: 1.3 ms]
       [Other: 10.5 ms]
      [Choose CSet: 0.0 ms]
      [Ref Proc: 4.9 ms]
      [Ref Enq: 0.0 ms]
      [Free CSet: 5.0 ms]
   [Eden: 8944.0M(8944.0M)->0.0B(8920.0M) Survivors: 272.0M->296.0M Heap: 9418.3M(15.0G)->498.3M(15.0G)]
 [Times: user=0.71 sys=0.03, real=0.11 secs]