433.905: [GC pause (G1 Evacuation Pause) (young) [Eden: 8944.0M(8944.0M)->0.0B(8920.0M) Survivors: 272.0M->296.0M Heap: 9418.3M(15.0G)->498.3M(15.0G)] [Times: user=0.71 sys=0.03, real=0.11 secs]
451.361: [GC pause (G1 Evacuation Pause) (young) [Eden: 8920.0M(8920.0M)->0.0B(8908.0M) Survivors: 296.0M->308.0M Heap: 9418.3M(15.0G)->510.3M(15.0G)] [Times: user=0.72 sys=0.02, real=0.10 secs]
755.441: [GC pause (young), 0.4418240 secs] [Eden: 9024.0M(9024.0M)->0.0B(8384.0M) Survivors: 800.0M->1248.0M Heap: 13.2G(16.0G)->5072.0M(16.0G)] [Times: user=5.41 sys=0.01, real=0.44
secs]
1161.747: [GC concurrent-root-region-scan-start]
1162.042: [GC concurrent-root-region-scan-end, 0.2950840 secs]
1162.042: [GC concurrent-mark-start]
1162.842: [GC concurrent-mark-end, 0.8000300 secs]
1162.844: [GC remark 1162.846: [GC ref-proc, 0.0147680 secs], 0.0899440 secs] [Times: user=0.14 sys=0.00, real=0.09 secs]
1162.934: [GC cleanup 11G->11G(16G), 0.0170410 secs] [Times: user=0.18 sys=0.00, real=0.01 secs]
1162.952: [GC concurrent-cleanup-start]
1162.952: [GC concurrent-cleanup-end, 0.0001380 secs]
1165.366: [GC pause (mixed), 0.0793930 secs] [Eden: 672.0M(672.0M)->0.0B(672.0M) Survivors: 128.0M->128.0M Heap: 7421.9M(16.0G)->5212.4M(16.0G)]  [Times: user=0.90 sys=0.00, real=0.08
secs]