7.082: [GC (Metadata GC Threshold) [PSYoungGen: 2516582K->30371K(11534336K)] 2516582K->30473K(14680064K), 0.0343181 secs] [Times: user=0.07 sys=0.00, real=0.04 secs]
7.116: [Full GC (Metadata GC Threshold) [PSYoungGen: 30371K->0K(11534336K)] [ParOldGen: 102K->29551K(3145728K)] 30473K->29551K(14680064K), [Metaspace: 20941K->20939K(1069056K)], 0.0579700 secs] [Times: user=0.27 sys=0.02, real=0.05 secs]
8.629: [GC (GCLocker Initiated GC) [PSYoungGen: 2187036K->17336K(11534336K)] 2216587K->46896K(14680064K), 0.0111831 secs] [Times: user=0.09 sys=0.01, real=0.01 secs]
8.645: [GC (Metadata GC Threshold) [PSYoungGen: 856197K->12498K(11534336K)] 885756K->42065K(14680064K), 0.0062057 secs] [Times: user=0.05 sys=0.00, real=0.01 secs]
8.651: [Full GC (Metadata GC Threshold) [PSYoungGen: 12498K->0K(11534336K)] [ParOldGen: 29567K->21266K(3145728K)] 42065K->21266K(14680064K), [Metaspace: 34834K->34819K(1081344K)], 0.0537060 secs] [Times: user=0.28 sys=0.00, real=0.05 secs]
11.067: [GC (Metadata GC Threshold) [PSYoungGen: 3475281K->28864K(11534336K)] 3496547K->50138K(14680064K), 0.0157547 secs] [Times: user=0.08 sys=0.00, real=0.01 secs]
11.083: [Full GC (Metadata GC Threshold) [PSYoungGen: 28864K->0K(11534336K)] [ParOldGen: 21274K->42976K(3145728K)] 50138K->42976K(14680064K), [Metaspace: 57718K->57714K(1101824K)], 0.1952896 secs] [Times: user=1.49 sys=0.03, real=0.20 secs]
18.897: [GC (Metadata GC Threshold) [PSYoungGen: 2886088K->75163K(11534336K)] 2929064K->118188K(14680064K), 0.0381708 secs] [Times: user=0.12 sys=0.00, real=0.04 secs]
18.935: [Full GC (Metadata GC Threshold) [PSYoungGen: 75163K->0K(11534336K)] [ParOldGen: 43024K->98195K(3145728K)] 118188K->98195K(14680064K), [Metaspace: 96109K->96109K(1134592K)], 0.1385223 secs] [Times: user=0.54 sys=0.00, real=0.14 secs]
298.672: [GC (Allocation Failure) [PSYoungGen: 10485760K->197428K(11534336K)] 10583955K->295691K(14680064K), 0.0902098 secs] [Times: user=0.50 sys=0.00, real=0.09 secs]